mgau 0
feature 0
density 0: 1.795e+04 -5.813e-04,0.000e+00 -1.240e-05,0.000e+00 1.282e-04,0.000e+00 1.026e-04,0.000e+00 6.646e-06,0.000e+00 9.991e-06,0.000e+00 5.245e-05,0.000e+00 4.227e-05,0.000e+00 -7.801e-06,0.000e+00 -2.753e-05,0.000e+00 6.825e-06,0.000e+00 9.924e-06,0.000e+00 -6.057e-06,0.000e+00 -5.527e+01,0.000e+00 -3.513e+01,0.000e+00 3.508e+01,0.000e+00 2.447e+01,0.000e+00 1.703e+01,0.000e+00 5.841e+00,0.000e+00 7.492e+00,0.000e+00 1.012e+01,0.000e+00 -4.753e-02,0.000e+00 -4.671e+00,0.000e+00 8.486e+00,0.000e+00 1.932e+00,0.000e+00 -1.159e+01,0.000e+00 4.158e+01,0.000e+00 1.920e+01,0.000e+00 -2.825e+00,0.000e+00 3.681e+00,0.000e+00 5.558e+00,0.000e+00 7.045e+00,0.000e+00 -3.603e-01,0.000e+00 -1.593e+01,0.000e+00 4.684e+00,0.000e+00 -8.522e+00,0.000e+00 -1.637e+01,0.000e+00 3.128e-01,0.000e+00 -6.073e+00,0.000e+00 
