mgau 0
feature 0
density 0: 3.639e+04 -8.770e+00,0.000e+00 3.316e-01,0.000e+00 1.215e+01,0.000e+00 2.382e+01,0.000e+00 -1.559e+01,0.000e+00 6.111e+00,0.000e+00 6.145e+00,0.000e+00 5.064e+00,0.000e+00 -3.484e+01,0.000e+00 1.080e+00,0.000e+00 2.243e+01,0.000e+00 1.727e+01,0.000e+00 -1.288e+01,0.000e+00 1.054e+01,0.000e+00 -1.290e+00,0.000e+00 1.699e+01,0.000e+00 -1.505e+01,0.000e+00 1.146e+01,0.000e+00 8.401e+00,0.000e+00 5.290e+00,0.000e+00 9.489e-01,0.000e+00 4.671e+00,0.000e+00 -2.780e+00,0.000e+00 1.143e+00,0.000e+00 3.322e+00,0.000e+00 3.742e+00,0.000e+00 4.020e+00,0.000e+00 1.673e+01,0.000e+00 -6.684e+00,0.000e+00 
