mgau 0
feature 0
density 0: 1.735e+03 -1.144e-05,0.000e+00 2.825e-05,0.000e+00 -2.414e-06,0.000e+00 -1.311e-05,0.000e+00 1.359e-05,0.000e+00 3.368e-06,0.000e+00 6.169e-06,0.000e+00 7.614e-06,0.000e+00 1.758e-06,0.000e+00 -1.416e-06,0.000e+00 2.071e-06,0.000e+00 1.878e-06,0.000e+00 -2.861e-06,0.000e+00 4.524e-01,0.000e+00 1.264e-01,0.000e+00 1.378e+00,0.000e+00 2.823e+00,0.000e+00 3.312e+00,0.000e+00 2.600e+00,0.000e+00 6.807e-01,0.000e+00 8.916e-01,0.000e+00 -7.721e-01,0.000e+00 -1.613e+00,0.000e+00 2.567e+00,0.000e+00 1.255e+00,0.000e+00 -1.578e+00,0.000e+00 4.851e+00,0.000e+00 4.329e+00,0.000e+00 7.105e-01,0.000e+00 -2.689e+00,0.000e+00 -3.669e+00,0.000e+00 -2.435e+00,0.000e+00 -3.500e+00,0.000e+00 -2.842e+00,0.000e+00 7.355e-01,0.000e+00 2.562e+00,0.000e+00 -2.971e+00,0.000e+00 -4.536e+00,0.000e+00 1.510e+00,0.000e+00 
