mgau 0
feature 0
density 0: 8.668e+03 -2.913e-04,0.000e+00 9.823e-05,0.000e+00 5.954e-05,0.000e+00 1.101e-05,0.000e+00 3.144e-05,0.000e+00 1.667e-05,0.000e+00 2.098e-05,0.000e+00 2.797e-05,0.000e+00 -5.893e-06,0.000e+00 -6.549e-06,0.000e+00 -3.666e-06,0.000e+00 1.088e-05,0.000e+00 -1.766e-06,0.000e+00 1.505e+00,0.000e+00 -4.026e+00,0.000e+00 1.608e+01,0.000e+00 1.277e+01,0.000e+00 6.975e+00,0.000e+00 2.401e+00,0.000e+00 3.527e+00,0.000e+00 4.692e+00,0.000e+00 -3.353e+00,0.000e+00 -7.484e-01,0.000e+00 6.444e+00,0.000e+00 1.982e+00,0.000e+00 -7.230e+00,0.000e+00 1.284e+01,0.000e+00 1.372e+01,0.000e+00 5.033e+00,0.000e+00 2.049e+00,0.000e+00 6.572e+00,0.000e+00 8.280e+00,0.000e+00 -5.817e+00,0.000e+00 -1.500e+01,0.000e+00 -2.865e+00,0.000e+00 -2.664e+00,0.000e+00 -6.840e+00,0.000e+00 1.716e+00,0.000e+00 7.694e-01,0.000e+00 
