mgau 0
feature 0
density 0: 1.900e+02 -8.297e-05,0.000e+00 6.258e-06,0.000e+00 -1.431e-06,0.000e+00 4.262e-06,0.000e+00 1.281e-06,0.000e+00 6.109e-07,0.000e+00 -2.712e-06,0.000e+00 -4.843e-07,0.000e+00 1.281e-06,0.000e+00 -1.170e-06,0.000e+00 -1.226e-06,0.000e+00 -3.055e-07,0.000e+00 5.066e-07,0.000e+00 9.475e+00,0.000e+00 3.960e+00,0.000e+00 1.823e-01,0.000e+00 1.963e+00,0.000e+00 7.388e-02,0.000e+00 -7.760e-01,0.000e+00 8.903e-02,0.000e+00 -1.718e-01,0.000e+00 -3.072e-01,0.000e+00 -9.782e-01,0.000e+00 -1.024e+00,0.000e+00 -6.296e-01,0.000e+00 -1.602e+00,0.000e+00 -1.445e+00,0.000e+00 -2.254e+00,0.000e+00 -1.509e+00,0.000e+00 -2.677e+00,0.000e+00 -1.374e-01,0.000e+00 1.233e+00,0.000e+00 -5.929e-01,0.000e+00 -1.043e+00,0.000e+00 3.913e-01,0.000e+00 6.020e-01,0.000e+00 -4.901e-01,0.000e+00 -6.733e-01,0.000e+00 1.188e+00,0.000e+00 
