mgau 0
feature 0
density 0: 8.340e+02 -5.722e-05,0.000e+00 2.825e-05,0.000e+00 -6.229e-06,0.000e+00 -5.484e-06,0.000e+00 9.775e-06,0.000e+00 3.368e-06,0.000e+00 4.470e-07,0.000e+00 -1.922e-06,0.000e+00 -1.490e-07,0.000e+00 -4.753e-06,0.000e+00 -3.174e-06,0.000e+00 4.739e-06,0.000e+00 -1.431e-06,0.000e+00 8.297e+00,0.000e+00 3.647e+00,0.000e+00 1.885e-01,0.000e+00 2.564e+00,0.000e+00 2.720e+00,0.000e+00 4.094e-01,0.000e+00 8.006e-01,0.000e+00 -6.020e-01,0.000e+00 -1.022e+00,0.000e+00 -1.502e+00,0.000e+00 4.964e-01,0.000e+00 -4.262e-01,0.000e+00 -2.764e+00,0.000e+00 1.467e+00,0.000e+00 8.991e-01,0.000e+00 1.123e+00,0.000e+00 -1.961e+00,0.000e+00 -3.941e+00,0.000e+00 -8.918e-01,0.000e+00 -2.566e+00,0.000e+00 -2.459e+00,0.000e+00 -9.084e-01,0.000e+00 1.098e+00,0.000e+00 -1.686e+00,0.000e+00 -3.545e+00,0.000e+00 1.865e+00,0.000e+00 
