mgau 0
feature 0
density 0: 3.938e+03 -2.403e-04,0.000e+00 3.970e-05,0.000e+00 3.192e-05,0.000e+00 1.359e-05,0.000e+00 1.168e-05,0.000e+00 1.672e-05,0.000e+00 4.262e-06,0.000e+00 1.524e-05,0.000e+00 -2.056e-06,0.000e+00 5.260e-06,0.000e+00 6.363e-06,0.000e+00 7.600e-06,0.000e+00 -9.537e-06,0.000e+00 1.189e+01,0.000e+00 7.199e+00,0.000e+00 4.489e+00,0.000e+00 6.265e+00,0.000e+00 4.733e+00,0.000e+00 1.591e+00,0.000e+00 -9.472e-01,0.000e+00 -6.923e-01,0.000e+00 -3.280e+00,0.000e+00 -1.357e+00,0.000e+00 3.360e+00,0.000e+00 1.048e+00,0.000e+00 -2.429e+00,0.000e+00 1.683e+01,0.000e+00 8.892e+00,0.000e+00 6.656e+00,0.000e+00 1.612e+00,0.000e+00 -8.086e-01,0.000e+00 2.882e+00,0.000e+00 -6.443e+00,0.000e+00 -8.624e+00,0.000e+00 -4.532e-01,0.000e+00 -6.743e-01,0.000e+00 -3.280e+00,0.000e+00 6.880e-01,0.000e+00 2.329e+00,0.000e+00 
